// Jest Snapshot v1, https://goo.gl/fbAQLP

exports[`<Footer /> should render 1`] = `
.c4 {
  font-size: 1.6rem;
}

.c2 {
  max-width: 120rem;
  margin: 0 auto;
  padding: 3.2rem;
}

.c0 {
  text-align: center;
  border-top: 0.1rem solid #DDDDDD;
}

.c0 a {
  color: inherit;
  text-decoration: none;
}

.c0 .c3 {
  font-size: 1.6rem;
}

.c0 .c1 {
  padding-top: 0;
  padding-bottom: 0;
}

<div>
  <footer
    class="c0"
  >
    <div
      class="c1 c2"
    >
      <h1>
        <p
          class="c3 c4"
        >
          <h1>
            Ol√° tudo bem
          </h1>
        </p>
      </h1>
    </div>
  </footer>
</div>
`;
