// Jest Snapshot v1, https://goo.gl/fbAQLP

exports[`<GridImage /> should render with background 1`] = `
.c4 {
  color: #FFFFFF;
  font-size: 6.4rem;
  text-transform: uppercase;
}

.c6 {
  font-size: 1.6rem;
}

.c2 >.c5 {
  margin-bottom: 6.4rem;
}

.c2 .c3 {
  color: #0A1128;
}

.c7 {
  display: grid;
  grid-template-columns: repeat(auto-fill, minmax(280px, 1fr));
  gap: 3.2rem;
}

.c8 {
  overflow: hidden;
}

.c9 {
  width: 100%;
  transition: all 300ms ease-in-out;
}

.c9:hover {
  transform: scale(1.2) rotate(10deg);
}

.c0 {
  background: #FFFFFF;
  color: #0A1128;
  min-height: 100vh;
  display: flex;
  align-items: center;
}

.c1 {
  max-width: 120rem;
  margin: 0 auto;
  padding: 3.2rem;
}

@media (max-width: 768px) {
  .c4 {
    font-size: 4.0rem;
  }
}

<div>
  <div
    class="c0"
  >
    <div
      class="c1"
    >
      <h1>
        <div
          class="c2"
        >
          <h2
            class="c3 c4"
          >
            My grid
          </h2>
          <p
            class="c5 c6"
          >
            Atque doloribus nobis laudantium esse ut, non commodi maxime distinctio veritatis unde
          </p>
          <div
            class="c7"
          >
            <div
              class="c8"
            >
              <img
                alt="Teste 1"
                class="c9"
                src="https://source.unsplash.com/random/800x800?r=1"
              />
            </div>
            <div
              class="c8"
            >
              <img
                alt="Teste 2"
                class="c9"
                src="https://source.unsplash.com/random/800x800?r=2"
              />
            </div>
            <div
              class="c8"
            >
              <img
                alt="Teste 3"
                class="c9"
                src="https://source.unsplash.com/random/800x800?r=3"
              />
            </div>
            <div
              class="c8"
            >
              <img
                alt="Teste 4"
                class="c9"
                src="https://source.unsplash.com/random/800x800?r=4"
              />
            </div>
            <div
              class="c8"
            >
              <img
                alt="Teste 5"
                class="c9"
                src="https://source.unsplash.com/random/800x800?r=5"
              />
            </div>
            <div
              class="c8"
            >
              <img
                alt="Teste 6"
                class="c9"
                src="https://source.unsplash.com/random/800x800?r=6"
              />
            </div>
          </div>
        </div>
      </h1>
    </div>
  </div>
</div>
`;

exports[`<GridImage /> should render without background 1`] = `
.c4 {
  color: #FFFFFF;
  font-size: 6.4rem;
  text-transform: uppercase;
}

.c6 {
  font-size: 1.6rem;
}

.c2 >.c5 {
  margin-bottom: 6.4rem;
}

.c2 .c3 {
  color: #0A1128;
}

.c7 {
  display: grid;
  grid-template-columns: repeat(auto-fill, minmax(280px, 1fr));
  gap: 3.2rem;
}

.c8 {
  overflow: hidden;
}

.c9 {
  width: 100%;
  transition: all 300ms ease-in-out;
}

.c9:hover {
  transform: scale(1.2) rotate(10deg);
}

.c0 {
  background: #FFFFFF;
  color: #0A1128;
  min-height: 100vh;
  display: flex;
  align-items: center;
}

.c1 {
  max-width: 120rem;
  margin: 0 auto;
  padding: 3.2rem;
}

@media (max-width: 768px) {
  .c4 {
    font-size: 4.0rem;
  }
}

<div>
  <div
    class="c0"
  >
    <div
      class="c1"
    >
      <h1>
        <div
          class="c2"
        >
          <h2
            class="c3 c4"
          >
            My grid
          </h2>
          <p
            class="c5 c6"
          >
            Atque doloribus nobis laudantium esse ut, non commodi maxime distinctio veritatis unde
          </p>
          <div
            class="c7"
          >
            <div
              class="c8"
            >
              <img
                alt="Teste 1"
                class="c9"
                src="https://source.unsplash.com/random/800x800?r=1"
              />
            </div>
            <div
              class="c8"
            >
              <img
                alt="Teste 2"
                class="c9"
                src="https://source.unsplash.com/random/800x800?r=2"
              />
            </div>
            <div
              class="c8"
            >
              <img
                alt="Teste 3"
                class="c9"
                src="https://source.unsplash.com/random/800x800?r=3"
              />
            </div>
            <div
              class="c8"
            >
              <img
                alt="Teste 4"
                class="c9"
                src="https://source.unsplash.com/random/800x800?r=4"
              />
            </div>
            <div
              class="c8"
            >
              <img
                alt="Teste 5"
                class="c9"
                src="https://source.unsplash.com/random/800x800?r=5"
              />
            </div>
            <div
              class="c8"
            >
              <img
                alt="Teste 6"
                class="c9"
                src="https://source.unsplash.com/random/800x800?r=6"
              />
            </div>
          </div>
        </div>
      </h1>
    </div>
  </div>
</div>
`;
